May 02 13:53:32.973 sdtdserver: START: PASS: Started CostaDelMars_GameNight
May 02 13:53:33.077 sdtdserver: START: PASS: Started CostaDelMars_GameNight
May 02 13:53:33.083 sdtdserver: START: INFO: LinuxGSM version: v24.3.1
May 02 13:53:33.084 sdtdserver: START: PASS: core_exit.sh exiting with code: 0
May 02 13:55:16.785 sdtdserver: STOP: PASS: Using cached IP as public IP address
May 02 13:55:18.884 sdtdserver: STOP: PASS: Using cached IP as public IP address
May 02 13:55:19.394 sdtdserver: STOP: INFO: Graceful: telnet
May 02 13:55:19.897 sdtdserver: STOP: INFO: Graceful: telnet: 127.0.0.1:8081
May 02 13:55:22.128 sdtdserver: STOP: PASS: Graceful: telnet: 127.0.0.1:8081 : 1 seconds
May 02 13:55:22.636 sdtdserver: STOP: INFO: tmux kill-session: sdtdserver: CostaDelMars_GameNight
May 02 13:55:23.748 sdtdserver: STOP: PASS: Stopped CostaDelMars_GameNight
May 02 13:55:23.754 sdtdserver: STOP: INFO: LinuxGSM version: v24.3.1
May 02 13:55:23.755 sdtdserver: STOP: PASS: core_exit.sh exiting with code: 0
May 12 13:51:04.612 sdtdserver: CORE: PASS: Downloading linuxgsm.sh...
May 12 13:51:05.389 sdtdserver: CORE: PASS: Downloading core_getopt.sh...
May 12 13:51:06.144 sdtdserver: CORE: PASS: Downloading command_start.sh...
May 12 13:51:07.348 sdtdserver: START: PASS: Downloading check.sh...
May 12 13:51:09.216 sdtdserver: START: PASS: Downloading check_root.sh...
May 12 13:51:10.063 sdtdserver: START: PASS: Downloading check_version.sh...
May 12 13:51:10.741 sdtdserver: START: PASS: Downloading check_tmuxception.sh...
May 12 13:51:11.359 sdtdserver: START: PASS: Downloading check_permissions.sh...
May 12 13:51:12.046 sdtdserver: START: PASS: Downloading check_system_dir.sh...
May 12 13:51:12.749 sdtdserver: START: PASS: Downloading check_executable.sh...
May 12 13:51:13.480 sdtdserver: START: PASS: Downloading check_glibc.sh...
May 12 13:51:14.236 sdtdserver: START: PASS: Downloading info_distro.sh...
May 12 13:51:15.128 sdtdserver: START: PASS: Downloading check_logs.sh...
May 12 13:51:17.649 sdtdserver: START: PASS: Downloading install_logs.sh...
May 12 13:51:18.161 sdtdserver: START: INFO: Logs installed
May 12 13:51:18.958 sdtdserver: START: PASS: Downloading check_deps.sh...
May 12 13:51:19.869 sdtdserver: START: PASS: Checking ubuntu-24.04.csv
May 12 13:51:20.566 sdtdserver: START: PASS: Downloading ubuntu-24.04.csv...
May 12 13:51:21.357 sdtdserver: START: PASS: Downloading check_config.sh...
May 12 13:51:21.398 sdtdserver: START: PASS: Using cached IP as public IP address
May 12 13:51:25.870 sdtdserver: START: PASS: Downloading check_steamcmd.sh...
May 12 13:51:26.582 sdtdserver: START: PASS: Downloading core_steamcmd.sh...
May 12 13:51:26.592 sdtdserver: START: INFO: Using anonymous Steam login
May 12 13:51:27.283 sdtdserver: START: PASS: Downloading check_status.sh...
May 12 13:51:28.040 sdtdserver: START: PASS: Downloading check_system_requirements.sh...
May 12 13:51:28.859 sdtdserver: START: PASS: Downloading check_gamedig.sh...
May 12 13:51:28.865 sdtdserver: START: INFO: Installing Gamedig
May 12 13:52:29.499 sdtdserver: START: PASS: Downloading fix.sh...
May 12 13:52:29.992 sdtdserver: START: PASS: Downloading fix_steamcmd.sh...
May 12 13:52:30.598 sdtdserver: START: INFO: Applying steamclient.so sdk64 hardlink fix: 7 Days To Die
May 12 13:52:30.803 sdtdserver: START: PASS: Applying steamclient.so sdk64 hardlink fix: 7 Days To Die
May 12 13:52:31.406 sdtdserver: START: INFO: Applying steamclient.so sdk32 link fix: 7 Days To Die
May 12 13:52:31.611 sdtdserver: START: PASS: Applying steamclient.so sdk32 link fix: 7 Days To Die
May 12 13:52:31.865 sdtdserver: START: PASS: Downloading fix_sdtd.sh...
May 12 13:52:31.903 sdtdserver: START: PASS: Using cached IP as public IP address
May 12 13:52:32.358 sdtdserver: START: PASS: Downloading core_logs.sh...
May 12 13:52:32.981 sdtdserver: START: INFO: Removing logs older than 7 days
/home/sdtdserver/log/script/sdtdserver-script-2025-05-02-13:45:28.log
/home/sdtdserver/log/script/sdtdserver-script-2025-05-02-13:53:08.log
/home/sdtdserver/log/console/sdtdserver-console-2025-05-02-13:45:28.log
/home/sdtdserver/log/console/sdtdserver-console-2025-05-02-13:53:08.log
May 12 13:52:33.103 sdtdserver: START: Removed 4 log files
May 12 13:52:33.606 sdtdserver: START: INFO: Rotating log files
