Nov 15 02:40:58.023 sdtdserver: START: PASS: Started My Game Host
Nov 15 02:40:58.127 sdtdserver: START: PASS: Started My Game Host
Nov 15 02:40:58.133 sdtdserver: START: INFO: LinuxGSM version: v24.3.1
Nov 15 02:40:58.134 sdtdserver: START: PASS: core_exit.sh exiting with code: 0
Nov 15 02:43:09.358 sdtdserver: CORE: PASS: Downloading command_stop.sh...
Nov 15 02:43:10.210 sdtdserver: STOP: PASS: Using cached IP as public IP address
Nov 15 02:43:12.202 sdtdserver: STOP: PASS: Using cached IP as public IP address
Nov 15 02:43:12.735 sdtdserver: STOP: INFO: Graceful: telnet
Nov 15 02:43:13.247 sdtdserver: STOP: INFO: Graceful: telnet: 127.0.0.1:8081
Nov 15 02:43:15.583 sdtdserver: STOP: PASS: Graceful: telnet: 127.0.0.1:8081 : 1 seconds
Nov 15 02:43:16.111 sdtdserver: STOP: INFO: tmux kill-session: sdtdserver: My Game Host
Nov 15 02:43:17.257 sdtdserver: STOP: PASS: Stopped My Game Host
Nov 15 02:43:17.286 sdtdserver: STOP: INFO: LinuxGSM version: v24.3.1
Nov 15 02:43:17.290 sdtdserver: STOP: PASS: core_exit.sh exiting with code: 0
Nov 15 02:50:28.580 sdtdserver: CORE: PASS: Downloading linuxgsm.sh...
Nov 15 02:50:28.826 sdtdserver: CORE: PASS: Downloading core_getopt.sh...
Nov 15 02:50:29.198 sdtdserver: CORE: PASS: Downloading command_start.sh...
Nov 15 02:50:29.941 sdtdserver: START: PASS: Downloading check.sh...
Nov 15 02:50:30.186 sdtdserver: START: PASS: Downloading check_root.sh...
Nov 15 02:50:30.432 sdtdserver: START: PASS: Downloading check_version.sh...
Nov 15 02:50:30.649 sdtdserver: START: PASS: Downloading check_tmuxception.sh...
Nov 15 02:50:30.932 sdtdserver: START: PASS: Downloading check_permissions.sh...
Nov 15 02:50:31.203 sdtdserver: START: PASS: Downloading check_system_dir.sh...
Nov 15 02:50:31.435 sdtdserver: START: PASS: Downloading check_executable.sh...
Nov 15 02:50:31.677 sdtdserver: START: PASS: Downloading check_glibc.sh...
Nov 15 02:50:31.948 sdtdserver: START: PASS: Downloading info_distro.sh...
Nov 15 02:50:32.419 sdtdserver: START: PASS: Downloading check_logs.sh...
Nov 15 02:50:33.246 sdtdserver: START: PASS: Downloading install_logs.sh...
Nov 15 02:50:33.757 sdtdserver: START: INFO: Logs installed
Nov 15 02:50:33.995 sdtdserver: START: PASS: Downloading check_deps.sh...
Nov 15 02:50:34.465 sdtdserver: START: PASS: Checking ubuntu-24.04.csv
Nov 15 02:50:34.878 sdtdserver: START: PASS: Downloading ubuntu-24.04.csv...
Nov 15 02:50:35.933 sdtdserver: START: PASS: Downloading check_config.sh...
Nov 15 02:50:35.972 sdtdserver: START: PASS: Using cached IP as public IP address
Nov 15 02:50:39.716 sdtdserver: START: PASS: Downloading check_steamcmd.sh...
Nov 15 02:50:40.080 sdtdserver: START: PASS: Downloading core_steamcmd.sh...
Nov 15 02:50:40.088 sdtdserver: START: INFO: Using anonymous Steam login
Nov 15 02:50:40.443 sdtdserver: START: PASS: Downloading check_status.sh...
Nov 15 02:50:40.810 sdtdserver: START: PASS: Downloading check_system_requirements.sh...
Nov 15 02:50:41.286 sdtdserver: START: PASS: Downloading check_gamedig.sh...
Nov 15 02:50:41.293 sdtdserver: START: INFO: Installing Gamedig
Nov 15 02:51:06.542 sdtdserver: START: PASS: Downloading fix.sh...
Nov 15 02:51:06.807 sdtdserver: START: PASS: Downloading fix_steamcmd.sh...
Nov 15 02:51:07.412 sdtdserver: START: INFO: Applying steamclient.so sdk64 hardlink fix: 7 Days To Die
Nov 15 02:51:07.615 sdtdserver: START: PASS: Applying steamclient.so sdk64 hardlink fix: 7 Days To Die
Nov 15 02:51:08.219 sdtdserver: START: INFO: Applying steamclient.so sdk32 link fix: 7 Days To Die
Nov 15 02:51:08.423 sdtdserver: START: PASS: Applying steamclient.so sdk32 link fix: 7 Days To Die
Nov 15 02:51:08.667 sdtdserver: START: PASS: Downloading fix_sdtd.sh...
Nov 15 02:51:08.699 sdtdserver: START: PASS: Using cached IP as public IP address
Nov 15 02:51:08.991 sdtdserver: START: PASS: Downloading core_logs.sh...
Nov 15 02:51:09.502 sdtdserver: START: INFO: Rotating log files
