Aug 04 16:22:57.560 sdtdserver: START: PASS: Started CostaDelMars_Small
Aug 04 16:22:57.665 sdtdserver: START: PASS: Started CostaDelMars_Small
Aug 04 16:22:57.672 sdtdserver: START: INFO: LinuxGSM version: v24.3.1
Aug 04 16:22:57.673 sdtdserver: START: PASS: core_exit.sh exiting with code: 0
Aug 09 21:33:46.570 sdtdserver: STOP: PASS: Using cached IP as public IP address
Aug 09 21:33:52.789 sdtdserver: STOP: PASS: Using cached IP as public IP address
Aug 09 21:33:52.898 sdtdserver: STOP: INFO: CostaDelMars_Small is already stopped
Aug 09 21:33:52.906 sdtdserver: STOP: INFO: LinuxGSM version: v24.3.1
Aug 09 21:33:52.907 sdtdserver: STOP: PASS: core_exit.sh exiting with code: 0
Aug 09 21:44:29.202 sdtdserver: START: PASS: Using cached IP as public IP address
Aug 09 21:44:30.405 sdtdserver: START: INFO: Using anonymous Steam login
Aug 09 21:44:35.819 sdtdserver: START: INFO: Applying steamclient.so sdk64 hardlink fix: 7 Days To Die
Aug 09 21:44:36.023 sdtdserver: START: PASS: Applying steamclient.so sdk64 hardlink fix: 7 Days To Die
Aug 09 21:44:36.626 sdtdserver: START: INFO: Applying steamclient.so sdk32 link fix: 7 Days To Die
Aug 09 21:44:36.829 sdtdserver: START: PASS: Applying steamclient.so sdk32 link fix: 7 Days To Die
Aug 09 21:44:36.904 sdtdserver: START: PASS: Using cached IP as public IP address
Aug 09 21:44:37.555 sdtdserver: START: INFO: Removing logs older than 7 days
/home/sdtdserver/log/script/sdtdserver-script-2025-08-01-16:43:42.log
/home/sdtdserver/log/console/sdtdserver-console-2025-08-01-16:43:42.log
Aug 09 21:44:37.706 sdtdserver: START: Removed 2 log files
Aug 09 21:44:38.209 sdtdserver: START: INFO: Rotating log files
