Oct 31 00:53:32.752 sdtdserver: START: PASS: Started My Game Host
Oct 31 00:53:32.855 sdtdserver: START: PASS: Started My Game Host
Oct 31 00:53:33.078 sdtdserver: START: PASS: Downloading core_exit.sh...
Oct 31 00:53:33.083 sdtdserver: START: INFO: LinuxGSM version: v24.3.1
Oct 31 00:53:33.084 sdtdserver: START: PASS: core_exit.sh exiting with code: 0
Nov 15 02:40:27.175 sdtdserver: START: PASS: Using cached IP as public IP address
Nov 15 02:40:30.881 sdtdserver: START: INFO: Using anonymous Steam login
Nov 15 02:40:54.613 sdtdserver: START: INFO: Applying steamclient.so sdk64 hardlink fix: 7 Days To Die
Nov 15 02:40:54.816 sdtdserver: START: PASS: Applying steamclient.so sdk64 hardlink fix: 7 Days To Die
Nov 15 02:40:55.419 sdtdserver: START: INFO: Applying steamclient.so sdk32 link fix: 7 Days To Die
Nov 15 02:40:55.622 sdtdserver: START: PASS: Applying steamclient.so sdk32 link fix: 7 Days To Die
Nov 15 02:40:55.660 sdtdserver: START: PASS: Using cached IP as public IP address
Nov 15 02:40:56.278 sdtdserver: START: INFO: Removing logs older than 7 days
/home/sdtdserver/log/script/sdtdserver-script-2024-10-31-00:52:50.log
/home/sdtdserver/log/script/sdtdserver-script-2024-10-23-02:43:23.log
/home/sdtdserver/log/script/sdtdserver-steamcmd.log
/home/sdtdserver/log/script/sdtdserver-script-2024-10-31-00:21:55.log
/home/sdtdserver/log/console/sdtdserver-console-2024-10-31-00:52:50.log
/home/sdtdserver/log/console/sdtdserver-console-2024-10-31-00:21:55.log
/home/sdtdserver/log/console/sdtdserver-console-2024-10-23-02:43:23.log
Nov 15 02:40:56.392 sdtdserver: START: Removed 7 log files
Nov 15 02:40:56.894 sdtdserver: START: INFO: Rotating log files
